##########  Apache::Request:: Functions  ##########

MODULE=Apache::Request PACKAGE=Apache::Request PREFIX=apreq_
 apreq_request | apreq_xs_request | const char *:class, void *:env, const char *:qs=NULL
 apreq_param | apreq_xs_request_get |

MODULE=Apache::Request PACKAGE=Apache::Request
 DEFINE_env     | apreq_xs_request_env |
 DEFINE_args    | apreq_xs_args_get |
 DEFINE_body    | apreq_xs_body_get |
 DEFINE_config  | apreq_xs_request_config |
 DEFINE_parse   | apreq_xs_request_parse |
 DEFINE_pool    | apreq_xs_request_pool |
apr_status_t:DEFINE_body_status  | apreq_parse_request(apreq_xs_sv2(request,sv),NULL) | SV *:sv

MODULE=Apache::Request PACKAGE=Apache::Request::Table PREFIX=Apache__Request__Table_
 DEFINE_get     | apreq_xs_table_get |
 DEFINE_FETCH   | apreq_xs_table_get |
 DEFINE_pool    | apreq_xs_table_pool |


##########  Apache::Upload:: Functions  ##########

MODULE=Apache::Upload PACKAGE=Apache::Upload PREFIX=Apache__Upload_
 const char *:DEFINE_name        | apreq_param_name(apreq_xs_sv2param(sv)) | SV *:sv
 char *:DEFINE_filename          | apreq_param_value(apreq_xs_sv2param(sv)) | SV *:sv
 DEFINE_env                      | apreq_xs_upload_env |
 DEFINE_link                     | apreq_xs_upload_link |
 DEFINE_slurp                    | apreq_xs_upload_slurp |
 DEFINE_size                     | apreq_xs_upload_size |
 DEFINE_type                     | apreq_xs_upload_type |
 DEFINE_tempname                 | apreq_xs_upload_tempname |
 DEFINE_pool                     | apreq_xs_upload_table_pool |

MODULE=Apache::Upload PACKAGE=Apache::Upload::Table PREFIX=Apache__Upload__Table_
 DEFINE_get     | apreq_xs_upload_table_get |
 DEFINE_FETCH   | apreq_xs_upload_table_get |
 DEFINE_pool    | apreq_xs_upload_table_pool |

MODULE=Apache::Upload PACKAGE=Apache::Request PREFIX=Apache__Request_
 DEFINE_upload  | apreq_xs_upload_get |

MODULE=Apache::Upload PACKAGE=Apache::Upload::Brigade PREFIX=Apache__Upload__Brigade_
 DEFINE_new | apreq_xs_upload_brigade_copy |
 DEFINE_TIEHANDLE | apreq_xs_upload_brigade_copy |
 DEFINE_READ | apreq_xs_upload_brigade_read |
 DEFINE_READLINE | apreq_xs_upload_brigade_readline |

##########  Apache::Cookie:: Functions  ##########

MODULE=Apache::Cookie PACKAGE=Apache::Cookie
 DEFINE_as_string  | apreq_xs_cookie_as_string |
 DEFINE_make       | apreq_xs_make_cookie      | 
 DEFINE_expires    | apreq_xs_cookie_expires   |
 DEFINE_set_attr   | apreq_xs_cookie_set_attr  |
 DEFINE_env        | apreq_xs_cookie_env  |
 DEFINE_encode     | apreq_xs_encode |
 DEFINE_decode     | apreq_xs_decode |
 DEFINE_pool       | apreq_xs_table_pool |
 const char *:DEFINE_name | apreq_cookie_name(c)  | apreq_cookie_t *:c
 const char *:DEFINE_raw_value| apreq_cookie_value(c) | apreq_cookie_t *:c
 apr_status_t:DEFINE_bake | apreq_cookie_bake (apreq_xs_sv2cookie(c), apreq_xs_sv2env(SvRV(c))) | SV *:c
 apr_status_t:DEFINE_bake2| apreq_cookie_bake2(apreq_xs_sv2cookie(c), apreq_xs_sv2env(SvRV(c))) | SV *:c

MODULE=Apache::Cookie PACKAGE=Apache::Cookie::Jar PREFIX=Apache__Cookie__Jar_
 DEFINE_new        | apreq_xs_jar     |
 DEFINE_env        | apreq_xs_jar_env |
 DEFINE_cookie     | apreq_xs_jar_get |
 DEFINE_get        | apreq_xs_jar_get |
 DEFINE_pool       | apreq_xs_jar_pool |

MODULE=Apache::Cookie PACKAGE=Apache::Cookie::Table PREFIX=Apache__Cookie__Table_
 DEFINE_get        | apreq_xs_table_get |
 DEFINE_FETCH      | apreq_xs_table_get |
 DEFINE_pool       | apreq_xs_table_pool |


##########  Utility Functions  ##########

MODULE=Apache::Request PACKAGE=Apache::Request::Util PREFIX=apreq_
# apreq_log
# apreq_join
# apreq_index
# apreq_encode
# apreq_decode
# apreq_expires







